executing gpml startup script...
[Warning: Name is nonexistent or not a directory: C:\Users\user\Desktop\Matlab_ws\personal_regen\regen-braking-mpc\gpml\util\minfunc\compiled] 
[> In path (line 109)
In addpath>doPathAddition (line 126)
In addpath (line 90)
In startup (line 11)] 
[Warning: Name is nonexistent or not a directory: C:\Users\user\Desktop\Matlab_ws\GP-MPC\functions] 
[> In path (line 109)
In addpath>doPathAddition (line 126)
In addpath (line 90)
In test_nominalmodel (line 11)] 

========================================
4-State Vehicle Dynamics NMPC Test
========================================

Reference path: Circular
  Radius: 80.0 m
  Velocity: 8.0 m/s
  Yaw rate: 0.100 rad/s (5.7 deg/s)


=== Bicycle Model (Nominal) Created ===
  Wheelbase L = 2.40 [m]
  Mass M = 500 [kg]
  Yaw inertia Iz = 600 [kg*m^2]
  Understeer gradient EG = 2.01 [deg/g]
  >> Vehicle is UNDERSTEER (stable)
  >> Characteristic velocity v_ch = 25.9 [m/s]
======================================

Nominal model created
  States: n = 4 (vx, vy, r, psi)
  Inputs: m = 1 (delta)

NMPC initialized
  Horizon: N = 20 (2.00 s)
  Max iterations: 20
  Sideslip limit: 12.0 deg

Starting simulation...
  Initial state: [8.0, 0.0, 0.000]

  Initial state: [0.0,                                             First-order      Norm of
 Iter F-count            f(x)  Feasibility   optimality         step
    0      21    1.189210e+01    0.000e+00    1.646e+02
    1      50    1.117554e+01    0.000e+00    3.034e+03    7.178e-02
    2      72    1.005658e+01    0.000e+00    1.121e+04    1.162e-01
    3      95    7.401472e+00    0.000e+00    5.550e+03    2.958e-01
    4     133    7.412631e+00    0.000e+00    4.850e+01    8.719e-05
    5     155    7.412445e+00    0.000e+00    4.863e+01    6.135e-05
    6     180    7.540343e+00    0.000e+00    1.540e+03    8.456e-05
    7     202    7.539576e+00    0.000e+00    1.539e+03    3.026e-04
    8     227    7.536308e+00    0.000e+00    1.498e+03    3.196e-04
    9     249    7.520535e+00    0.000e+00    1.352e+03    4.465e-03
   10     274    7.489102e+00    0.000e+00    8.929e+02    4.527e-03
   11     298    7.392241e+00    0.000e+00    1.944e+02    1.376e-02
   12     325    7.657710e+00    0.000e+00    4.886e+03    4.198e-02
   13     352    7.441730e+00    0.000e+00    1.283e+03    6.199e-02
   14     380    7.385936e+00    0.000e+00    2.676e+03    4.327e-02
   15     406    7.263934e+00    0.000e+00    1.302e+02    2.271e-02
   16     429    7.251426e+00    0.000e+00    4.022e+01    1.332e-02
   17     455    7.219713e+00    0.000e+00    5.224e+02    1.859e-02
   18     487    7.205255e+00    0.000e+00    2.078e+02    1.011e-02
   19     514    7.191942e+00    0.000e+00    2.109e+02    9.371e-03
   20     540    7.169540e+00    0.000e+00    2.779e+02    2.012e-02

Solver stopped prematurely.

fmincon stopped because it exceeded the iteration limit,
options.MaxIterations = 2.000000e+01.

                                            First-order      Norm of
 Iter F-count            f(x)  Feasibility   optimality         step
    0      21    6.993418e+00    0.000e+00    1.515e+02
    1      53    6.987110e+00    0.000e+00    5.028e+02    9.702e-03
    2      77    6.984806e+00    0.000e+00    4.262e+02    2.563e-03
    3     102    6.974933e+00    0.000e+00    1.648e+01    5.909e-03
    4     129    6.969756e+00    0.000e+00    5.761e+02    9.929e-03
    5     152    6.966617e+00    0.000e+00    6.141e+02    4.127e-03
    6     177    6.968675e+00    0.000e+00    3.318e+02    8.706e-03
    7     199    6.952880e+00    0.000e+00    1.113e+03    8.431e-03
    8     224    6.943213e+00    0.000e+00    2.290e+01    1.647e-02
    9     247    6.942387e+00    0.000e+00    4.706e+01    1.640e-02
   10     275    6.942045e+00    0.000e+00    1.122e+02    3.825e-03
   11     304    6.940918e+00    0.000e+00    1.631e+02    2.272e-03
   12     326    6.940141e+00    0.000e+00    1.283e+02    3.055e-03
   13     353    6.937743e+00    0.000e+00    7.077e+01    4.535e-03
   14     379    6.936388e+00    0.000e+00    5.590e+01    3.229e-02
   15     407    6.934928e+00    0.000e+00    2.975e+02    4.213e-03
   16     431    6.934862e+00    0.000e+00    3.184e+02    8.767e-04
   17     456    6.932862e+00    0.000e+00    1.153e+01    1.863e-03
   18     483    6.931462e+00    0.000e+00    2.373e+02    4.006e-03
   19     507    6.931385e+00    0.000e+00    2.417e+02    7.696e-04
   20     532    6.929775e+00    0.000e+00    2.011e+01    1.443e-03

Solver stopped prematurely.

fmincon stopped because it exceeded the iteration limit,
options.MaxIterations = 2.000000e+01.

                                            First-order      Norm of
 Iter F-count            f(x)  Feasibility   optimality         step
    0      21    6.782147e+00    0.000e+00    6.114e+02
    1      52    6.768804e+00    0.000e+00    1.539e+02    1.201e-02
    2      76    6.763274e+00    0.000e+00    4.989e+02    4.471e-03
    3     101    6.760605e+00    0.000e+00    2.859e-01    9.452e-03
    4     133    6.756692e+00    0.000e+00    4.600e+01    9.187e-03
    5     155    6.750998e+00    0.000e+00    2.727e+02    1.954e-02
    6     183    6.750324e+00    0.000e+00    2.473e+00    4.070e-03
    7     210    6.749101e+00    0.000e+00    1.659e+02    7.471e-03
    8     238    6.748418e+00    0.000e+00    5.681e+01    5.178e-03
    9     262    6.747829e+00    0.000e+00    1.431e+02    2.001e-03
   10     287    6.747203e+00    0.000e+00    1.167e+01    4.705e-03
   11     315    6.746063e+00    0.000e+00    2.962e+00    8.370e-03
   12     347    6.745702e+00    0.000e+00    4.208e+01    4.359e-03
   13     376    6.745238e+00    0.000e+00    5.155e+01    1.599e-03
   14     399    6.745140e+00    0.000e+00    6.814e+01    1.694e-03
   15     424    6.744893e+00    0.000e+00    1.170e+02    4.031e-03
   16     447    6.744784e+00    0.000e+00    9.665e+01    2.568e-03
   17     473    6.744751e+00    0.000e+00    2.030e-01    3.362e-03
   18     497    6.744747e+00    0.000e+00    2.700e+00    8.049e-04
   19     522    6.744403e+00    0.000e+00    6.063e+01    1.484e-03
   20     545    6.744378e+00    0.000e+00    6.850e+01    1.441e-03

Solver stopped prematurely.

fmincon stopped because it exceeded the iteration limit,
options.MaxIterations = 2.000000e+01.

                                            First-order      Norm of
 Iter F-count            f(x)  Feasibility   optimality         step
    0      21    6.630501e+00    0.000e+00    6.859e+02
    1      45    6.613940e+00    0.000e+00    6.507e+02    6.436e-02
    2      83    6.614991e+00    0.000e+00    2.532e+02    2.480e-05
    3     105    6.614991e+00    0.000e+00    2.531e+02    1.901e-05
    4     130    6.787697e+00    0.000e+00    1.607e+03    5.251e-05
    5     152    6.787604e+00    0.000e+00    1.606e+03    7.473e-05
    6     177    6.881881e+00    0.000e+00    1.989e+03    1.059e-04
    7     199    6.879513e+00    0.000e+00    1.961e+03    1.070e-03
    8     224    6.862662e+00    0.000e+00    1.768e+03    1.470e-03
    9     248    6.800544e+00    0.000e+00    9.855e+02    4.357e-03
   10     273    6.779887e+00    0.000e+00    7.034e+02    5.259e-03
   11     299    6.610208e+00    0.000e+00    1.187e-01    1.763e-02
   12     324    6.618362e+00    0.000e+00    3.822e+02    1.445e-02
   13     354    6.619773e+00    0.000e+00    8.423e+02    1.794e-02
   14     382    6.609663e+00    0.000e+00    5.539e+01    4.630e-03
   15     408    6.606856e+00    0.000e+00    1.424e+02    1.037e-02
   16     438    6.606272e+00    0.000e+00    2.581e+02    4.277e-03
   17     464    6.603312e+00    0.000e+00    2.934e+01    1.006e-02
   18     493    6.603189e+00    0.000e+00    1.050e+02    1.784e-03
   19     519    6.602728e+00    0.000e+00    1.740e+01    2.733e-03
   20     547    6.602589e+00    0.000e+00    3.699e+01    1.067e-03

Solver stopped prematurely.

fmincon stopped because it exceeded the iteration limit,
options.MaxIterations = 2.000000e+01.

                                            First-order      Norm of
 Iter F-count            f(x)  Feasibility   optimality         step
    0      21    6.497845e+00    0.000e+00    6.387e+02
    1      52    6.494361e+00    0.000e+00    2.709e+02    1.187e-02
    2      74    6.486615e+00    0.000e+00    1.385e+03    8.278e-03
    3     100    6.483608e+00    0.000e+00    2.579e+02    1.039e-02
    4     123    6.480995e+00    0.000e+00    3.631e+01    1.003e-02
    5     149    6.481826e+00    0.000e+00    1.449e-01    6.726e-03
    6     180    6.482248e+00    0.000e+00    1.444e+02    5.377e-03
    7     202    6.476917e+00    0.000e+00    4.737e+02    1.291e-02
    8     229    6.476307e+00    0.000e+00    1.365e+01    5.753e-03
    9     253    6.476186e+00    0.000e+00    9.527e+01    4.583e-03
   10     279    6.476354e+00    0.000e+00    1.833e+02    4.358e-03
   11     302    6.475996e+00    0.000e+00    1.744e+02    4.641e-03
   12     328    6.476166e+00    0.000e+00    7.602e+01    1.052e-02
   13     351    6.475977e+00    0.000e+00    1.674e+02    4.799e-03
   14     376    6.475604e+00    0.000e+00    7.795e+01    9.377e-03
   15     403    6.475711e+00    0.000e+00    3.952e+01    5.351e-03
   16     431    6.475585e+00    0.000e+00    2.721e+01    1.210e-03
   17     454    6.475578e+00    0.000e+00    2.340e+01    1.462e-03
   18     480    6.475373e+00    0.000e+00    2.377e+00    2.245e-03
   19     509    6.475237e+00    0.000e+00    3.047e+01    1.963e-03
   20     538    6.475150e+00    0.000e+00    2.662e+00    1.916e-03

Solver stopped prematurely.

fmincon stopped because it exceeded the iteration limit,
options.MaxIterations = 2.000000e+01.

                                            First-order      Norm of
 Iter F-count            f(x)  Feasibility   optimality         step
    0      21    6.369266e+00    0.000e+00    4.972e+02
    1      52    6.368420e+00    0.000e+00    3.372e+02    1.268e-02
    2      75    6.356753e+00    0.000e+00    7.775e+02    4.796e-03
    3     100    6.359153e+00    0.000e+00    2.804e+02    8.738e-03
    4     124    6.359116e+00    0.000e+00    3.496e+02    5.320e-03
    5     149    6.357844e+00    0.000e+00    5.295e+02    1.271e-02
    6     171    6.359056e+00    0.000e+00    5.441e+02    1.061e-02
    7     197    6.353719e+00    0.000e+00    1.569e-01    7.765e-03
    8     225    6.355199e+00    0.000e+00    7.256e+02    1.716e-02
    9     249    6.352843e+00    0.000e+00    5.986e+02    6.103e-03
   10     275    6.347393e+00    0.000e+00    9.476e+01    6.908e-03
   11     297    6.347111e+00    0.000e+00    7.401e+00    7.616e-03
   12     322    6.346823e+00    0.000e+00    3.725e+00    1.137e-02
   13     349    6.346803e+00    0.000e+00    3.448e+01    1.488e-02
   14     377    6.346449e+00    0.000e+00    4.785e+01    3.581e-03
   15     401    6.346417e+00    0.000e+00    5.049e+01    1.640e-03
   16     426    6.346225e+00    0.000e+00    2.563e+01    3.866e-03
   17     450    6.346179e+00    0.000e+00    2.091e+01    1.809e-03
   18     474    6.346122e+00    0.000e+00    2.647e+01    2.556e-03
   19     496    6.346196e+00    0.000e+00    8.939e+00    4.581e-03
   20     517    6.346086e+00    0.000e+00    3.529e+01    6.718e-03

Solver stopped prematurely.

fmincon stopped because it exceeded the iteration limit,
options.MaxIterations = 2.000000e+01.

                                            First-order      Norm of
 Iter F-count            f(x)  Feasibility   optimality         step
    0      21    6.209622e+00    0.000e+00    4.385e+02
    1      52    6.210913e+00    0.000e+00    3.765e+02    1.304e-02
    2      75    6.197457e+00    0.000e+00    8.164e+02    4.918e-03
    3     100    6.200016e+00    0.000e+00    2.884e+02    8.767e-03
    4     124    6.199989e+00    0.000e+00    3.822e+02    5.515e-03
    5     149    6.196695e+00    0.000e+00    4.674e+02    1.311e-02
    6     172    6.196957e+00    0.000e+00    4.074e+02    1.077e-02
    7     198    6.194229e+00    0.000e+00    1.658e-01    8.542e-03
    8     228    6.195458e+00    0.000e+00    6.502e+01    5.276e-03
    9     257    6.194516e+00    0.000e+00    8.888e+01    1.685e-03
   10     279    6.192617e+00    0.000e+00    2.525e+02    5.980e-03
   11     305    6.190057e+00    0.000e+00    1.455e+02    1.540e-02
   12     328    6.188885e+00    0.000e+00    8.198e+02    1.063e-02
   13     354    6.186443e+00    0.000e+00    1.124e+00    1.942e-02
   14     378    6.186338e+00    0.000e+00    9.493e+01    6.312e-03
   15     404    6.187251e+00    0.000e+00    9.899e+01    1.532e-02
   16     428    6.186258e+00    0.000e+00    1.674e+02    3.152e-03
   17     453    6.186185e+00    0.000e+00    9.805e+01    8.722e-03
   18     477    6.186173e+00    0.000e+00    9.243e+01    1.738e-03
   19     501    6.186074e+00    0.000e+00    3.781e+01    2.376e-03
   20     525    6.185981e+00    0.000e+00    1.846e+00    2.828e-03

Solver stopped prematurely.

fmincon stopped because it exceeded the iteration limit,
options.MaxIterations = 2.000000e+01.

                                            First-order      Norm of
 Iter F-count            f(x)  Feasibility   optimality         step
    0      21    6.033213e+00    0.000e+00    4.799e+02
    1      52    6.032239e+00    0.000e+00    3.392e+02    1.259e-02
    2      75    6.020621e+00    0.000e+00    6.107e+02    4.682e-03
    3     100    6.025181e+00    0.000e+00    4.465e+02    8.684e-03
    4     122    6.026199e+00    0.000e+00    5.624e+02    9.585e-03
    5     148    6.017959e+00    0.000e+00    2.482e+02    1.260e-02
    6     171    6.014721e+00    0.000e+00    1.442e+02    1.030e-02
    7     195    6.024768e+00    0.000e+00    5.447e+02    1.781e-02
    8     222    6.023631e+00    0.000e+00    1.173e-01    6.923e-03
    9     246    6.011424e+00    0.000e+00    5.358e+02    3.738e-02
   10     274    6.010784e+00    0.000e+00    3.123e+01    8.100e-03
   11     298    6.010285e+00    0.000e+00    1.212e+02    5.662e-03
   12     323    6.010440e+00    0.000e+00    1.311e+02    1.395e-02
   13     351    6.009919e+00    0.000e+00    4.532e+01    6.655e-03
   14     373    6.009640e+00    0.000e+00    1.650e+01    5.121e-03
   15     399    6.009595e+00    0.000e+00    8.444e+01    5.651e-03
   16     423    6.009566e+00    0.000e+00    8.616e+01    3.230e-03
   17     449    6.009730e+00    0.000e+00    5.043e+01    5.525e-03
   18     471    6.009652e+00    0.000e+00    2.356e+00    6.734e-03
   19     498    6.009457e+00    0.000e+00    8.206e+01    3.227e-03
   20     519    6.009403e+00    0.000e+00    2.562e+01    7.730e-03

Solver stopped prematurely.

fmincon stopped because it exceeded the iteration limit,
options.MaxIterations = 2.000000e+01.

                                            First-order      Norm of
 Iter F-count            f(x)  Feasibility   optimality         step
    0      21    5.840405e+00    0.000e+00    3.950e+02
    1      52    5.842333e+00    0.000e+00    3.696e+02    1.298e-02
    2      75    5.828955e+00    0.000e+00    5.821e+02    4.859e-03
    3     101    5.829385e+00    0.000e+00    1.616e-01    4.121e-03
    4     125    5.820265e+00    0.000e+00    6.496e+02    4.247e-02
    5     154    5.818619e+00    0.000e+00    1.948e+01    5.491e-03
    6     178    5.818339e+00    0.000e+00    1.163e+02    2.476e-03
    7     203    5.817765e+00    0.000e+00    1.665e+02    7.367e-03
    8     226    5.817581e+00    0.000e+00    1.166e+02    6.091e-03
    9     251    5.817260e+00    0.000e+00    6.917e+01    1.132e-02
   10     274    5.817217e+00    0.000e+00    7.663e+01    4.761e-03
   11     300    5.817021e+00    0.000e+00    8.090e+01    4.578e-03
   12     324    5.816960e+00    0.000e+00    3.341e+01    2.210e-03
   13     348    5.816946e+00    0.000e+00    6.418e+01    4.520e-03
   14     371    5.816869e+00    0.000e+00    6.264e+00    1.229e-02
   15     394    5.816830e+00    0.000e+00    1.388e+01    4.229e-03
   16     416    5.816786e+00    0.000e+00    2.070e+00    8.140e-03
   17     439    5.816761e+00    0.000e+00    8.897e-01    3.957e-03
   18     461    5.816759e+00    0.000e+00    7.196e+00    3.201e-03
   19     482    5.816742e+00    0.000e+00    1.524e+01    4.814e-03
   20     503    5.816736e+00    0.000e+00    1.620e+01    4.774e-03

Solver stopped prematurely.

fmincon stopped because it exceeded the iteration limit,
options.MaxIterations = 2.000000e+01.

                                            First-order      Norm of
 Iter F-count            f(x)  Feasibility   optimality         step
    0      21    5.642845e+00    0.000e+00    4.286e+02
    1      52    5.643331e+00    0.000e+00    3.355e+02    1.248e-02
    2      75    5.631526e+00    0.000e+00    5.019e+02    4.737e-03
    3     101    5.631775e+00    0.000e+00    1.651e-01    4.146e-03
    4     125    5.623594e+00    0.000e+00    5.314e+02    3.933e-02
    5     154    5.622275e+00    0.000e+00    3.560e+01    5.366e-03
    6     176    5.621683e+00    0.000e+00    6.503e+01    1.246e-02
    7     202    5.621666e+00    0.000e+00    3.907e+00    1.029e-02
    8     228    5.621290e+00    0.000e+00    4.529e+01    4.920e-03
    9     255    5.621141e+00    0.000e+00    1.651e+02    9.149e-03
   10     278    5.621049e+00    0.000e+00    1.834e+02    4.185e-03
   11     305    5.620667e+00    0.000e+00    1.579e+01    1.299e-03
   12     328    5.620653e+00    0.000e+00    2.091e+01    2.515e-03
   13     353    5.620603e+00    0.000e+00    2.528e+01    5.122e-03
   14     380    5.620582e+00    0.000e+00    6.924e+00    2.557e-03
   15     407    5.620556e+00    0.000e+00    1.786e+01    1.311e-03
   16     430    5.620554e+00    0.000e+00    1.184e+01    6.110e-04
   17     453    5.620546e+00    0.000e+00    9.509e+00    1.677e-03
   18     477    5.620546e+00    0.000e+00    2.455e+00    9.201e-04
   19     500    5.620543e+00    0.000e+00    3.864e+00    8.876e-04
   20     523    5.620541e+00    0.000e+00    2.534e+00    1.047e-03

Solver stopped prematurely.

fmincon stopped because it exceeded the iteration limit,
options.MaxIterations = 2.000000e+01.

                                            First-order      Norm of
 Iter F-count            f(x)  Feasibility   optimality         step
    0      21    5.451853e+00    0.000e+00    3.995e+02
    1      54    5.445281e+00    0.000e+00    1.760e-01    6.271e-03
    2      84    5.438751e+00    0.000e+00    4.126e+02    1.999e-02
    3     108    5.435727e+00    0.000e+00    2.929e+02    1.397e-02
    4     135    5.434243e+00    0.000e+00    8.094e+01    5.711e-03
    5     157    5.433388e+00    0.000e+00    7.423e+00    6.613e-03
    6     182    5.432752e+00    0.000e+00    2.028e+02    1.227e-02
    7     206    5.432276e+00    0.000e+00    1.575e+02    6.634e-03
    8     232    5.431921e+00    0.000e+00    4.060e+01    5.404e-03
    9     255    5.431830e+00    0.000e+00    9.547e+00    5.228e-03
   10     280    5.431340e+00    0.000e+00    5.515e+01    1.114e-02
   11     308    5.431248e+00    0.000e+00    6.960e+00    2.892e-03
   12     332    5.431225e+00    0.000e+00    8.469e+00    1.391e-03
   13     357    5.431040e+00    0.000e+00    1.447e+01    2.635e-03
   14     385    5.430935e+00    0.000e+00    5.202e+01    2.251e-03
   15     409    5.430932e+00    0.000e+00    4.245e+01    1.076e-03
   16     432    5.430930e+00    0.000e+00    2.928e+01    1.868e-03
   17     455    5.430925e+00    0.000e+00    3.924e+00    1.842e-03
   18     476    5.430898e+00    0.000e+00    3.216e+00    3.114e-03
   19     497    5.430852e+00    0.000e+00    3.454e+00    4.450e-03
   20     518    5.430842e+00    0.000e+00    1.182e+01    6.264e-03

Solver stopped prematurely.

fmincon stopped because it exceeded the iteration limit,
options.MaxIterations = 2.000000e+01.

                                            First-order      Norm of
 Iter F-count            f(x)  Feasibility   optimality         step
    0      21    5.276124e+00    0.000e+00    4.050e+02
    1      52    5.277751e+00    0.000e+00    3.402e+02    1.234e-02
    2      75    5.266104e+00    0.000e+00    4.022e+02    4.736e-03
    3     101    5.265846e+00    0.000e+00    1.668e-01    4.336e-03
    4     125    5.258077e+00    0.000e+00    4.300e+02    3.765e-02
    5     154    5.257247e+00    0.000e+00    9.067e+00    4.769e-03
    6     176    5.256797e+00    0.000e+00    1.455e+00    1.153e-02
    7     203    5.256690e+00    0.000e+00    1.567e+02    5.843e-03
    8     225    5.256644e+00    0.000e+00    1.386e+02    5.697e-03
    9     251    5.256090e+00    0.000e+00    5.324e+01    5.230e-03
   10     274    5.255993e+00    0.000e+00    7.362e+01    4.908e-03
   11     301    5.255939e+00    0.000e+00    1.197e+01    1.680e-03
   12     323    5.255889e+00    0.000e+00    5.226e+00    2.735e-03
   13     346    5.255837e+00    0.000e+00    8.359e+01    7.358e-03
   14     372    5.255802e+00    0.000e+00    4.971e+00    7.146e-03
   15     395    5.255762e+00    0.000e+00    2.863e+01    3.605e-03
   16     418    5.255745e+00    0.000e+00    2.997e+01    2.776e-03
   17     440    5.255744e+00    0.000e+00    1.030e+01    3.341e-03
   18     462    5.255725e+00    0.000e+00    3.877e+00    5.095e-03
   19     483    5.255715e+00    0.000e+00    1.099e+00    3.344e-03
   20     505    5.255704e+00    0.000e+00    2.337e-02    2.822e-03

Solver stopped prematurely.

fmincon stopped because it exceeded the iteration limit,
options.MaxIterations = 2.000000e+01.

                                            First-order      Norm of
 Iter F-count            f(x)  Feasibility   optimality         step
    0      21    5.114519e+00    0.000e+00    3.566e+02
    1      53    5.108942e+00    0.000e+00    1.768e-01    6.308e-03
    2      83    5.104962e+00    0.000e+00    2.666e+02    8.630e-03
    3     107    5.102882e+00    0.000e+00    2.742e+02    6.418e-03
    4     133    5.102632e+00    0.000e+00    2.178e+02    1.321e-02
    5     160    5.101455e+00    0.000e+00    3.459e+02    6.504e-03
    6     182    5.100367e+00    0.000e+00    4.015e+02    5.958e-03
    7     208    5.097980e+00    0.000e+00    9.932e+01    1.777e-02
    8     232    5.096777e+00    0.000e+00    3.171e+02    6.041e-03
    9     258    5.095573e+00    0.000e+00    1.965e+01    1.756e-02
   10     288    5.095543e+00    0.000e+00    3.936e+01    6.373e-04
   11     310    5.095507e+00    0.000e+00    4.118e+01    8.591e-04
   12     335    5.095356e+00    0.000e+00    1.095e+01    2.448e-03
   13     360    5.095202e+00    0.000e+00    1.681e+01    4.108e-03
   14     385    5.095159e+00    0.000e+00    1.333e+00    9.533e-03
   15     412    5.095142e+00    0.000e+00    5.025e+00    2.255e-03
   16     436    5.095124e+00    0.000e+00    1.061e+01    9.288e-04
   17     459    5.095126e+00    0.000e+00    8.396e+00    1.106e-03
   18     482    5.095083e+00    0.000e+00    2.238e+01    2.678e-03
   19     510    5.095079e+00    0.000e+00    7.412e+00    4.249e-04
   20     532    5.094993e+00    0.000e+00    3.188e+01    3.959e-03

Solver stopped prematurely.

fmincon stopped because it exceeded the iteration limit,
options.MaxIterations = 2.000000e+01.

                                            First-order      Norm of
 Iter F-count            f(x)  Feasibility   optimality         step
    0      21    4.970981e+00    0.000e+00    3.809e+02
    1      53    4.964788e+00    0.000e+00    1.768e-01    6.119e-03
    2      83    4.961187e+00    0.000e+00    2.543e+02    8.651e-03
    3     107    4.959402e+00    0.000e+00    2.924e+02    6.274e-03
    4     132    4.954536e+00    0.000e+00    5.702e+01    1.336e-02
    5     154    4.953387e+00    0.000e+00    5.719e+01    1.070e-02
    6     181    4.955124e+00    0.000e+00    1.249e+02    3.401e-03
    7     203    4.953003e+00    0.000e+00    4.999e+02    8.473e-03
    8     228    4.954098e+00    0.000e+00    2.697e+02    2.313e-02
    9     252    4.953620e+00    0.000e+00    9.650e+01    4.195e-03
   10     277    4.952400e+00    0.000e+00    2.567e+01    9.054e-03
   11     304    4.951866e+00    0.000e+00    1.142e+01    4.718e-03
   12     328    4.951830e+00    0.000e+00    4.534e+01    2.834e-03
   13     353    4.951993e+00    0.000e+00    1.231e+01    5.347e-03
   14     378    4.951986e+00    0.000e+00    6.769e+01    6.016e-03
   15     404    4.952005e+00    0.000e+00    3.472e+01    5.729e-03
   16     427    4.951872e+00    0.000e+00    3.288e+01    4.370e-03
   17     451    4.951752e+00    0.000e+00    1.238e+02    3.660e-03
   18     473    4.951696e+00    0.000e+00    7.168e+01    6.465e-03
   19     496    4.951675e+00    0.000e+00    6.194e+01    2.380e-03
   20     519    4.951679e+00    0.000e+00    1.465e+01    3.442e-03

Solver stopped prematurely.

fmincon stopped because it exceeded the iteration limit,
options.MaxIterations = 2.000000e+01.

                                            First-order      Norm of
 Iter F-count            f(x)  Feasibility   optimality         step
    0      21    4.842556e+00    0.000e+00    3.239e+02
    1      53    4.837742e+00    0.000e+00    9.320e+01    6.432e-03
    2      83    4.831044e+00    0.000e+00    2.572e+02    1.374e-02
    3     107    4.827260e+00    0.000e+00    6.513e+01    9.360e-03
    4     134    4.826584e+00    0.000e+00    2.121e+01    4.403e-03
    5     156    4.826219e+00    0.000e+00    2.149e+00    4.403e-03
    6     182    4.825798e+00    0.000e+00    9.239e+01    9.241e-03
    7     205    4.824648e+00    0.000e+00    2.307e+02    8.563e-03
    8     231    4.824028e+00    0.000e+00    8.226e+01    8.791e-03
    9     254    4.823776e+00    0.000e+00    1.562e+01    1.055e-02
   10     280    4.823831e+00    0.000e+00    3.680e+01    7.879e-03
   11     307    4.823880e+00    0.000e+00    3.929e+01    4.366e-03
   12     331    4.823736e+00    0.000e+00    3.531e+01    2.516e-03
   13     357    4.823668e+00    0.000e+00    6.203e+01    4.905e-03
   14     381    4.823649e+00    0.000e+00    4.099e+01    1.080e-03
   15     407    4.823578e+00    0.000e+00    3.193e+00    1.058e-03
   16     429    4.823562e+00    0.000e+00    1.736e-01    9.381e-04
   17     453    4.823541e+00    0.000e+00    5.542e+00    1.860e-03
   18     477    4.823542e+00    0.000e+00    1.002e+01    7.023e-04
   19     498    4.823537e+00    0.000e+00    1.412e+00    1.845e-03
   20     520    4.823520e+00    0.000e+00    2.941e+00    2.289e-03

Solver stopped prematurely.

fmincon stopped because it exceeded the iteration limit,
options.MaxIterations = 2.000000e+01.

                                            First-order      Norm of
 Iter F-count            f(x)  Feasibility   optimality         step
    0      21    4.733454e+00    0.000e+00    3.186e+02
    1      53    4.728636e+00    0.000e+00    8.963e+01    6.359e-03
    2      82    4.725339e+00    0.000e+00    4.808e+02    1.378e-02
    3     106    4.722660e+00    0.000e+00    3.525e+02    4.742e-03
    4     131    4.717886e+00    0.000e+00    1.456e+01    9.080e-03
    5     153    4.715984e+00    0.000e+00    9.768e+00    1.437e-02
    6     180    4.714934e+00    0.000e+00    9.451e+01    6.768e-03
    7     207    4.715343e+00    0.000e+00    5.945e+01    4.019e-03
    8     230    4.714957e+00    0.000e+00    8.808e+01    1.934e-03
    9     254    4.714719e+00    0.000e+00    1.470e+02    7.369e-03
   10     279    4.714940e+00    0.000e+00    1.549e+02    1.362e-02
   11     303    4.714800e+00    0.000e+00    9.901e+01    3.791e-03
   12     329    4.714700e+00    0.000e+00    5.904e+01    7.642e-03
   13     353    4.714508e+00    0.000e+00    1.823e+01    3.370e-03
   14     380    4.714342e+00    0.000e+00    5.262e+01    2.010e-03
   15     402    4.714341e+00    0.000e+00    5.036e+01    1.817e-03
   16     427    4.714201e+00    0.000e+00    1.428e+01    3.400e-03
   17     450    4.714187e+00    0.000e+00    2.687e+00    2.069e-03
   18     471    4.714148e+00    0.000e+00    3.403e+01    5.235e-03
   19     493    4.714153e+00    0.000e+00    4.716e+01    6.335e-03
   20     517    4.714138e+00    0.000e+00    2.975e+01    1.141e-03

Solver stopped prematurely.

fmincon stopped because it exceeded the iteration limit,
options.MaxIterations = 2.000000e+01.

                                            First-order      Norm of
 Iter F-count            f(x)  Feasibility   optimality         step
    0      21    4.632010e+00    0.000e+00    3.358e+02
    1      53    4.626794e+00    0.000e+00    1.783e-01    6.209e-03
    2      83    4.622149e+00    0.000e+00    1.964e+02    8.736e-03
    3     107    4.619839e+00    0.000e+00    1.559e+02    6.042e-03
    4     134    4.617687e+00    0.000e+00    5.194e+01    6.253e-03
    5     156    4.615316e+00    0.000e+00    3.018e+02    1.008e-02
    6     184    4.614594e+00    0.000e+00    6.586e+01    8.540e-03
    7     208    4.613812e+00    0.000e+00    1.057e+02    3.037e-03
    8     233    4.613365e+00    0.000e+00    9.538e+01    7.271e-03
    9     260    4.613371e+00    0.000e+00    2.658e+01    8.300e-03
   10     288    4.613279e+00    0.000e+00    4.201e+01    1.642e-03
   11     311    4.613246e+00    0.000e+00    3.671e+01    1.469e-03
   12     337    4.613072e+00    0.000e+00    2.009e+01    3.950e-03
   13     361    4.612991e+00    0.000e+00    1.757e+01    1.791e-03
   14     387    4.612897e+00    0.000e+00    4.552e+01    1.689e-03
   15     411    4.612888e+00    0.000e+00    3.528e+01    8.790e-04
   16     434    4.612881e+00    0.000e+00    1.342e+01    2.851e-03
   17     461    4.612918e+00    0.000e+00    1.514e+00    1.171e-03
   18     484    4.612912e+00    0.000e+00    7.251e-01    6.262e-04
   19     508    4.612905e+00    0.000e+00    1.209e+00    5.474e-04
   20     531    4.612895e+00    0.000e+00    1.173e+01    7.214e-04

Solver stopped prematurely.

fmincon stopped because it exceeded the iteration limit,
options.MaxIterations = 2.000000e+01.

                                            First-order      Norm of
 Iter F-count            f(x)  Feasibility   optimality         step
    0      21    4.541581e+00    0.000e+00    3.075e+02
    1      53    4.537080e+00    0.000e+00    9.232e+01    6.326e-03
    2      83    4.530512e+00    0.000e+00    2.507e+02    1.376e-02
    3     107    4.526920e+00    0.000e+00    7.818e+01    9.205e-03
    4     134    4.526840e+00    0.000e+00    7.909e+01    9.158e-03
    5     158    4.526297e+00    0.000e+00    1.078e+02    2.095e-03
    6     183    4.525562e+00    0.000e+00    3.807e+01    3.380e-03
    7     207    4.525355e+00    0.000e+00    3.518e+01    7.456e-03
    8     233    4.524537e+00    0.000e+00    1.123e+00    7.262e-03
    9     258    4.524029e+00    0.000e+00    8.926e+01    7.349e-03
   10     285    4.524168e+00    0.000e+00    3.591e+01    8.303e-03
   11     309    4.524049e+00    0.000e+00    2.460e+01    1.925e-03
   12     335    4.523801e+00    0.000e+00    6.048e+01    3.512e-03
   13     365    4.523763e+00    0.000e+00    7.891e+00    1.159e-03
   14     387    4.523649e+00    0.000e+00    4.502e-01    2.500e-03
   15     410    4.523493e+00    0.000e+00    5.568e+01    4.039e-03
   16     434    4.523446e+00    0.000e+00    7.644e+01    2.178e-03
   17     461    4.523480e+00    0.000e+00    2.436e-02    1.134e-03
   18     483    4.523450e+00    0.000e+00    5.483e+00    2.623e-03
   19     507    4.523435e+00    0.000e+00    1.146e+01    1.303e-03
   20     530    4.523422e+00    0.000e+00    2.042e+01    1.050e-03

Solver stopped prematurely.

fmincon stopped because it exceeded the iteration limit,
options.MaxIterations = 2.000000e+01.

                                            First-order      Norm of
 Iter F-count            f(x)  Feasibility   optimality         step
    0      21    4.466468e+00    0.000e+00    3.105e+02
    1      53    4.461880e+00    0.000e+00    8.978e+01    6.269e-03
    2      83    4.458015e+00    0.000e+00    1.486e+02    6.048e-03
    3     106    4.454773e+00    0.000e+00    1.547e+02    8.496e-03
    4     133    4.453972e+00    0.000e+00    1.895e+02    4.214e-03
    5     155    4.452789e+00    0.000e+00    1.549e+02    3.676e-03
    6     181    4.451878e+00    0.000e+00    7.479e+01    9.360e-03
    7     205    4.451393e+00    0.000e+00    2.242e+02    3.965e-03
    8     231    4.449787e+00    0.000e+00    1.836e+01    9.479e-03
    9     262    4.449743e+00    0.000e+00    4.921e+01    8.451e-04
   10     284    4.449686e+00    0.000e+00    5.259e+01    9.767e-04
   11     309    4.449540e+00    0.000e+00    9.266e+00    2.656e-03
   12     331    4.449420e+00    0.000e+00    4.238e+00    4.715e-03
   13     355    4.449219e+00    0.000e+00    6.608e+01    1.261e-02
   14     383    4.448989e+00    0.000e+00    1.445e+01    5.880e-03
   15     412    4.448899e+00    0.000e+00    5.075e+01    1.491e-03
   16     436    4.448833e+00    0.000e+00    4.703e+01    1.799e-03
   17     460    4.448826e+00    0.000e+00    3.106e+01    8.384e-04
   18     483    4.448814e+00    0.000e+00    2.547e+00    1.813e-03
   19     507    4.448807e+00    0.000e+00    1.819e+00    1.119e-03
   20     528    4.448732e+00    0.000e+00    4.472e+00    2.506e-03

Solver stopped prematurely.

fmincon stopped because it exceeded the iteration limit,
options.MaxIterations = 2.000000e+01.

Time: 1.90 / 3.00 s
                                            First-order      Norm of
 Iter F-count            f(x)  Feasibility   optimality         step
    0      21    4.403500e+00    0.000e+00    2.593e+02
    1      53    4.399438e+00    0.000e+00    1.002e+02    6.366e-03
    2      83    4.395851e+00    0.000e+00    1.977e+02    5.903e-03
    3     106    4.393115e+00    0.000e+00    2.743e+02    9.120e-03
    4     132    4.390203e+00    0.000e+00    1.930e+02    9.012e-03
    5     154    4.388895e+00    0.000e+00    9.257e+01    7.904e-03
    6     180    4.388168e+00    0.000e+00    3.331e+01    6.410e-03
    7     204    4.387847e+00    0.000e+00    1.376e+02    3.201e-03
    8     230    4.387217e+00    0.000e+00    2.327e+01    3.898e-03
    9     254    4.387154e+00    0.000e+00    1.150e+02    1.613e-03
   10     279    4.387022e+00    0.000e+00    5.849e+00    4.396e-03
   11     303    4.386978e+00    0.000e+00    3.788e+01    1.886e-03
   12     327    4.386689e+00    0.000e+00    3.339e+01    1.215e-02
   13     351    4.386649e+00    0.000e+00    5.636e+00    5.571e-03
   14     374    4.386616e+00    0.000e+00    1.392e+01    4.313e-03
   15     396    4.386543e+00    0.000e+00    1.271e+01    4.794e-03
   16     418    4.386529e+00    0.000e+00    9.644e+00    5.536e-03
   17     440    4.386501e+00    0.000e+00    2.425e+00    6.663e-03
   18     462    4.386505e+00    0.000e+00    4.239e+01    8.871e-03
   19     486    4.386466e+00    0.000e+00    1.867e+01    1.911e-03
   20     509    4.386414e+00    0.000e+00    2.265e+01    4.080e-03

Solver stopped prematurely.

fmincon stopped because it exceeded the iteration limit,
options.MaxIterations = 2.000000e+01.

                                            First-order      Norm of
 Iter F-count            f(x)  Feasibility   optimality         step
    0      21    4.353466e+00    0.000e+00    3.134e+02
    1      53    4.348846e+00    0.000e+00    9.095e+01    6.233e-03
    2      82    4.345164e+00    0.000e+00    4.559e+02    1.389e-02
    3     106    4.342758e+00    0.000e+00    3.383e+02    4.680e-03
    4     131    4.338528e+00    0.000e+00    3.457e+01    9.284e-03
    5     154    4.336900e+00    0.000e+00    8.242e+01    9.674e-03
    6     180    4.336346e+00    0.000e+00    1.491e+01    4.999e-03
    7     208    4.335677e+00    0.000e+00    9.498e+00    7.570e-03
    8     231    4.335567e+00    0.000e+00    1.501e+02    2.395e-03
    9     256    4.335126e+00    0.000e+00    9.755e+01    8.466e-03
   10     280    4.334981e+00    0.000e+00    4.963e+01    3.458e-03
   11     305    4.335011e+00    0.000e+00    2.475e+01    6.892e-03
   12     329    4.334961e+00    0.000e+00    2.097e+00    3.755e-03
   13     355    4.334963e+00    0.000e+00    1.402e+02    4.016e-03
   14     378    4.334870e+00    0.000e+00    1.163e+02    1.870e-03
   15     404    4.334741e+00    0.000e+00    1.281e+01    1.666e-03
   16     426    4.334730e+00    0.000e+00    2.855e+00    3.604e-03
   17     450    4.334712e+00    0.000e+00    1.357e+01    1.561e-03
   18     471    4.334718e+00    0.000e+00    7.374e+00    4.750e-03
   19     492    4.334682e+00    0.000e+00    1.890e-01    4.537e-03
   20     515    4.334676e+00    0.000e+00    3.958e-01    1.407e-03

Solver stopped prematurely.

fmincon stopped because it exceeded the iteration limit,
options.MaxIterations = 2.000000e+01.

                                            First-order      Norm of
 Iter F-count            f(x)  Feasibility   optimality         step
    0      21    4.303520e+00    0.000e+00    2.224e+02
    1      53    4.300120e+00    0.000e+00    1.087e+02    6.359e-03
    2      83    4.293437e+00    0.000e+00    2.579e+02    1.357e-02
    3     107    4.289776e+00    0.000e+00    6.172e+01    9.042e-03
    4     134    4.290051e+00    0.000e+00    9.316e+01    9.347e-03
    5     157    4.289390e+00    0.000e+00    3.077e+02    4.211e-03
    6     182    4.287919e+00    0.000e+00    5.917e+00    8.500e-03
    7     210    4.287127e+00    0.000e+00    1.136e+02    1.558e-02
    8     240    4.287101e+00    0.000e+00    5.387e+01    3.918e-03
    9     262    4.286832e+00    0.000e+00    1.250e+00    3.643e-03
   10     289    4.286574e+00    0.000e+00    5.648e+01    1.871e-03
   11     313    4.286568e+00    0.000e+00    5.772e+01    9.633e-04
   12     339    4.286572e+00    0.000e+00    6.721e+00    9.217e-04
   13     361    4.286544e+00    0.000e+00    5.658e+00    1.725e-03
   14     387    4.286418e+00    0.000e+00    3.225e+01    4.206e-03
   15     418    4.286402e+00    0.000e+00    1.561e+00    2.563e-04
   16     440    4.286393e+00    0.000e+00    1.701e-01    5.026e-04
   17     462    4.286393e+00    0.000e+00    4.798e+00    1.487e-03
   18     484    4.286355e+00    0.000e+00    2.033e+01    5.656e-03
   19     506    4.286339e+00    0.000e+00    5.446e+00    6.931e-03
   20     534    4.286318e+00    0.000e+00    1.271e+00    2.273e-03

Solver stopped prematurely.

fmincon stopped because it exceeded the iteration limit,
options.MaxIterations = 2.000000e+01.

                                            First-order      Norm of
 Iter F-count            f(x)  Feasibility   optimality         step
    0      21    4.257359e+00    0.000e+00    2.093e+02
    1      53    4.254227e+00    0.000e+00    1.140e+02    6.372e-03
    2      83    4.247346e+00    0.000e+00    2.541e+02    1.356e-02
    3     107    4.243638e+00    0.000e+00    4.863e+01    9.108e-03
    4     134    4.243913e+00    0.000e+00    9.278e+01    9.224e-03
    5     157    4.243286e+00    0.000e+00    3.069e+02    4.181e-03
    6     182    4.241773e+00    0.000e+00    5.954e+00    8.451e-03
    7     206    4.241664e+00    0.000e+00    3.373e-01    4.136e-03
    8     231    4.241080e+00    0.000e+00    1.110e+02    8.372e-03
    9     258    4.241045e+00    0.000e+00    3.542e+00    4.186e-03
   10     280    4.240988e+00    0.000e+00    1.035e+01    4.460e-03
   11     306    4.240792e+00    0.000e+00    1.008e+02    4.294e-03
   12     329    4.240717e+00    0.000e+00    8.351e+01    2.466e-03
   13     355    4.240771e+00    0.000e+00    1.388e+01    2.163e-03
   14     377    4.240713e+00    0.000e+00    4.286e+00    2.196e-03
   15     401    4.240652e+00    0.000e+00    1.596e+01    2.159e-03
   16     423    4.240609e+00    0.000e+00    8.440e+01    3.407e-03
   17     446    4.240570e+00    0.000e+00    7.269e+01    1.853e-03
   18     468    4.240615e+00    0.000e+00    1.954e+01    4.974e-03
   19     489    4.240698e+00    0.000e+00    2.670e+01    7.112e-03
   20     510    4.240587e+00    0.000e+00    4.816e+00    6.017e-03

Solver stopped prematurely.

fmincon stopped because it exceeded the iteration limit,
options.MaxIterations = 2.000000e+01.

                                            First-order      Norm of
 Iter F-count            f(x)  Feasibility   optimality         step
    0      21    4.221321e+00    0.000e+00    2.166e+02
    1      53    4.218109e+00    0.000e+00    1.112e+02    6.320e-03
    2      83    4.213813e+00    0.000e+00    1.417e+02    5.834e-03
    3     106    4.210594e+00    0.000e+00    1.248e+02    8.407e-03
    4     133    4.210015e+00    0.000e+00    1.812e+02    4.182e-03
    5     155    4.208936e+00    0.000e+00    1.606e+02    3.630e-03
    6     181    4.208559e+00    0.000e+00    9.223e+01    9.482e-03
    7     205    4.207855e+00    0.000e+00    8.841e+01    4.220e-03
    8     231    4.206677e+00    0.000e+00    1.009e+02    8.221e-03
    9     260    4.206359e+00    0.000e+00    6.156e+01    1.017e-02
   10     283    4.205948e+00    0.000e+00    2.253e+02    3.666e-03
   11     309    4.205486e+00    0.000e+00    2.232e+01    4.502e-03
   12     335    4.205581e+00    0.000e+00    2.777e+01    4.713e-03
   13     361    4.205247e+00    0.000e+00    7.864e+01    4.291e-03
   14     385    4.205243e+00    0.000e+00    6.200e+01    1.100e-03
   15     410    4.205272e+00    0.000e+00    6.543e+00    2.085e-03
   16     433    4.205227e+00    0.000e+00    2.681e+00    2.074e-03
   17     456    4.205173e+00    0.000e+00    2.944e+01    2.887e-03
   18     479    4.205164e+00    0.000e+00    4.715e+01    2.297e-03
   19     502    4.205160e+00    0.000e+00    3.823e+01    2.005e-03
   20     524    4.205150e+00    0.000e+00    1.875e+01    2.349e-03

Solver stopped prematurely.

fmincon stopped because it exceeded the iteration limit,
options.MaxIterations = 2.000000e+01.

                                            First-order      Norm of
 Iter F-count            f(x)  Feasibility   optimality         step
    0      21    4.193660e+00    0.000e+00    2.208e+02
    1      53    4.190277e+00    0.000e+00    1.104e+02    6.323e-03
    2      83    4.186167e+00    0.000e+00    1.683e+02    5.950e-03
    3     106    4.182995e+00    0.000e+00    1.750e+02    8.767e-03
    4     133    4.181517e+00    0.000e+00    3.548e+01    3.971e-03
    5     155    4.179942e+00    0.000e+00    9.275e+01    6.711e-03
    6     181    4.179165e+00    0.000e+00    6.515e+00    9.502e-03
    7     204    4.179012e+00    0.000e+00    4.201e+01    3.629e-03
    8     229    4.177557e+00    0.000e+00    7.042e+01    7.569e-03
    9     256    4.177435e+00    0.000e+00    1.075e+01    4.290e-03
   10     282    4.177751e+00    0.000e+00    1.928e+02    3.609e-03
   11     306    4.177706e+00    0.000e+00    1.871e+02    1.101e-03
   12     331    4.177035e+00    0.000e+00    2.134e+00    2.121e-03
   13     353    4.176886e+00    0.000e+00    1.129e+01    4.828e-03
   14     377    4.176827e+00    0.000e+00    2.948e+01    5.816e-03
   15     401    4.176793e+00    0.000e+00    1.173e+01    7.356e-03
   16     422    4.176768e+00    0.000e+00    2.762e+01    8.156e-03
   17     444    4.176595e+00    0.000e+00    5.938e+01    6.356e-03
   18     467    4.176563e+00    0.000e+00    3.054e+01    4.614e-03
   19     490    4.176551e+00    0.000e+00    2.793e+01    2.549e-03
   20     513    4.176545e+00    0.000e+00    1.202e+01    1.808e-03

Solver stopped prematurely.

fmincon stopped because it exceeded the iteration limit,
options.MaxIterations = 2.000000e+01.

                                            First-order      Norm of
 Iter F-count            f(x)  Feasibility   optimality         step
    0      21    4.171164e+00    0.000e+00    2.074e+02
    1      53    4.167977e+00    0.000e+00    1.148e+02    6.350e-03
    2      83    4.161363e+00    0.000e+00    2.897e+02    1.359e-02
    3     107    4.157481e+00    0.000e+00    1.038e+02    8.882e-03
    4     134    4.158005e+00    0.000e+00    1.159e+02    9.402e-03
    5     157    4.156761e+00    0.000e+00    2.549e+02    4.197e-03
    6     181    4.156405e+00    0.000e+00    2.987e+02    2.013e-02
    7     208    4.154945e+00    0.000e+00    2.581e+01    1.829e-02
    8     238    4.154855e+00    0.000e+00    5.769e+01    1.285e-03
    9     260    4.154825e+00    0.000e+00    5.932e+01    2.529e-03
   10     285    4.154482e+00    0.000e+00    2.727e+00    4.961e-03
   11     309    4.154466e+00    0.000e+00    2.564e+00    2.625e-03
   12     335    4.154426e+00    0.000e+00    1.465e+01    4.910e-03
   13     358    4.154402e+00    0.000e+00    7.316e+00    1.775e-03
   14     381    4.154370e+00    0.000e+00    1.260e+01    1.903e-03
   15     405    4.154329e+00    0.000e+00    5.343e-02    1.561e-03
   16     428    4.154324e+00    0.000e+00    5.416e-01    2.528e-03
   17     450    4.154199e+00    0.000e+00    6.695e+00    5.466e-03
   18     472    4.154112e+00    0.000e+00    3.381e+01    4.009e-03
   19     494    4.154068e+00    0.000e+00    6.035e+01    6.105e-03
   20     518    4.154063e+00    0.000e+00    4.661e+01    1.053e-03

Solver stopped prematurely.

fmincon stopped because it exceeded the iteration limit,
options.MaxIterations = 2.000000e+01.

                                            First-order      Norm of
 Iter F-count            f(x)  Feasibility   optimality         step
    0      21    4.149861e+00    0.000e+00    2.388e+02
    1      53    4.146131e+00    0.000e+00    1.038e+02    6.256e-03
    2      83    4.139643e+00    0.000e+00    2.644e+02    1.369e-02
    3     107    4.136005e+00    0.000e+00    5.634e+01    8.913e-03
    4     134    4.136393e+00    0.000e+00    9.282e+01    9.324e-03
    5     157    4.135627e+00    0.000e+00    2.477e+02    4.132e-03
    6     181    4.135311e+00    0.000e+00    2.719e+02    2.183e-02
    7     208    4.133956e+00    0.000e+00    1.509e-01    1.007e-02
    8     236    4.133877e+00    0.000e+00    4.505e+01    2.505e-03
    9     259    4.133841e+00    0.000e+00    3.658e+01    2.475e-03
   10     285    4.133879e+00    0.000e+00    3.552e+01    5.637e-03
   11     308    4.133787e+00    0.000e+00    1.476e+01    2.680e-03
   12     335    4.133681e+00    0.000e+00    2.935e+01    2.541e-03
   13     358    4.133612e+00    0.000e+00    1.598e+01    4.966e-03
   14     382    4.133591e+00    0.000e+00    4.511e+00    1.868e-03
   15     406    4.133565e+00    0.000e+00    1.023e+01    2.660e-03
   16     428    4.133439e+00    0.000e+00    5.351e+01    8.095e-03
   17     452    4.133409e+00    0.000e+00    3.635e+01    1.352e-03
   18     475    4.133369e+00    0.000e+00    3.700e+01    4.094e-03
   19     499    4.133362e+00    0.000e+00    2.853e+01    1.129e-03
   20     521    4.133361e+00    0.000e+00    5.118e+01    6.747e-03

Solver stopped prematurely.

fmincon stopped because it exceeded the iteration limit,
options.MaxIterations = 2.000000e+01.

                                            First-order      Norm of
 Iter F-count            f(x)  Feasibility   optimality         step
    0      21    4.132469e+00    0.000e+00    2.468e+02
    1      53    4.128572e+00    0.000e+00    1.015e+02    6.232e-03
    2      83    4.121799e+00    0.000e+00    2.344e+02    1.374e-02
    3     107    4.118463e+00    0.000e+00    1.777e+01    9.116e-03
    4     134    4.118053e+00    0.000e+00    4.876e+01    9.211e-03
    5     163    4.117815e+00    0.000e+00    4.999e+00    8.477e-04
    6     185    4.117712e+00    0.000e+00    1.206e+01    2.169e-03
    7     210    4.116913e+00    0.000e+00    2.588e+00    4.330e-03
    8     234    4.116862e+00    0.000e+00    2.210e+01    2.668e-03
    9     259    4.116298e+00    0.000e+00    1.352e+01    4.555e-03
   10     288    4.116372e+00    0.000e+00    9.152e+01    1.485e-03
   11     310    4.116268e+00    0.000e+00    1.089e+02    1.963e-03
   12     336    4.116079e+00    0.000e+00    2.651e+01    4.825e-03
   13     360    4.115983e+00    0.000e+00    2.224e+01    2.087e-03
   14     384    4.115937e+00    0.000e+00    1.949e+01    3.337e-03
   15     408    4.115854e+00    0.000e+00    4.041e+01    3.513e-03
   16     431    4.115761e+00    0.000e+00    2.133e+01    4.303e-03
   17     454    4.115711e+00    0.000e+00    7.550e+01    2.873e-03
   18     477    4.115665e+00    0.000e+00    5.927e+01    2.422e-03
   19     499    4.115644e+00    0.000e+00    1.617e+01    3.275e-03
   20     520    4.115619e+00    0.000e+00    6.008e+00    7.088e-03

Solver stopped prematurely.

fmincon stopped because it exceeded the iteration limit,
options.MaxIterations = 2.000000e+01.

                                            First-order      Norm of
 Iter F-count            f(x)  Feasibility   optimality         step
    0      21    4.117171e+00    0.000e+00    1.730e+02
    1      53    4.114745e+00    0.000e+00    1.150e+02    6.017e-03
    2      83    4.108320e+00    0.000e+00    2.875e+02    1.349e-02
    3     107    4.104589e+00    0.000e+00    9.745e+01    8.792e-03
    4     134    4.105247e+00    0.000e+00    1.165e+02    9.421e-03
    5     157    4.103999e+00    0.000e+00    2.581e+02    4.180e-03
    6     181    4.103584e+00    0.000e+00    2.797e+02    1.842e-02
    7     208    4.102387e+00    0.000e+00    3.244e+01    1.646e-02
    8     238    4.102232e+00    0.000e+00    3.823e+01    1.122e-03
    9     260    4.102154e+00    0.000e+00    3.793e+01    2.109e-03
   10     285    4.101836e+00    0.000e+00    1.922e+01    4.633e-03
   11     311    4.101750e+00    0.000e+00    1.756e+01    9.871e-03
   12     340    4.101708e+00    0.000e+00    2.965e+01    4.090e-03
   13     364    4.101635e+00    0.000e+00    3.347e+00    2.343e-03
   14     391    4.101460e+00    0.000e+00    6.498e+01    2.208e-03
   15     415    4.101410e+00    0.000e+00    5.323e+01    2.571e-03
   16     443    4.101374e+00    0.000e+00    5.463e+00    6.023e-04
   17     465    4.101373e+00    0.000e+00    6.488e+00    1.169e-03
   18     490    4.101206e+00    0.000e+00    1.316e+01    2.302e-03
   19     517    4.101187e+00    0.000e+00    2.001e+01    4.228e-03
   20     541    4.101158e+00    0.000e+00    2.886e+01    1.719e-03

Solver stopped prematurely.

fmincon stopped because it exceeded the iteration limit,
options.MaxIterations = 2.000000e+01.

                                            First-order      Norm of
 Iter F-count            f(x)  Feasibility   optimality         step
    0      21    4.103516e+00    0.000e+00    2.184e+02
    1      53    4.100337e+00    0.000e+00    1.106e+02    6.207e-03
    2      82    4.096466e+00    0.000e+00    4.397e+02    1.362e-02
    3     106    4.094044e+00    0.000e+00    3.086e+02    4.435e-03
    4     131    4.090552e+00    0.000e+00    5.251e+01    9.091e-03
    5     154    4.089015e+00    0.000e+00    1.035e+01    8.649e-03
    6     180    4.088174e+00    0.000e+00    7.746e+01    6.564e-03
    7     204    4.088081e+00    0.000e+00    1.303e+02    3.435e-03
    8     230    4.087987e+00    0.000e+00    2.919e+01    4.577e-03
    9     253    4.087909e+00    0.000e+00    1.789e+00    2.134e-03
   10     278    4.087582e+00    0.000e+00    1.026e+01    3.774e-03
   11     306    4.087052e+00    0.000e+00    3.125e+00    8.064e-03
   12     340    4.087051e+00    0.000e+00    9.024e-02    2.563e-05
   13     362    4.087051e+00    0.000e+00    8.382e-02    2.318e-05
   14     393    4.087051e+00    0.000e+00    1.688e-01    8.229e-07
   15     427    4.087051e+00    0.000e+00    1.690e-01    1.609e-09

Local minimum possible. Constraints satisfied.

fmincon stopped because the size of the current step is less than
the value of the step size tolerance and constraints are 
satisfied to within the value of the constraint tolerance.


Simulation completed!
========================================

Performance Metrics:
  Velocity RMS error: 0.000 m/s
  Heading RMS error: 0.3339 rad (19.13 deg)
  Yaw rate RMS error: 0.2194 rad/s
  Max sideslip: 4.65 deg

Plots generated

Picked up JAVA_TOOL_OPTIONS: -Djava.net.preferIPv4Stack=true
